^S={fontstyle=ROMAN fontsize=10pt font_weight=bold}Jazz Pharmace
^S={fontstyle=ROMAN fontsize=10pt font_weight=bold}Protocol 150-
^S={fontstyle=ROMAN fontsize=10pt font_weight=bold}Table 9.1.1.3
^S={fontstyle=ROMAN fontsize=10pt font_weight=bold}Concordance A
^S={fontstyle=ROMAN fontsize=10pt font_weight=bold}(Full Analysi

                       The FREQ Procedure

                 Table of SERONORI by SERONORE

              SERONORI(Subj on stable dose of SSRI/SNRI IRT)
                        SERONORE(Subj on stable dose of 
                                 SSRI/SNRI EDC)

              Frequency‚
              Percent  ‚
              Row Pct  ‚
              Col Pct  ‚No      ‚Yes     ‚  Total
              ƒƒƒƒƒƒƒƒƒˆƒƒƒƒƒƒƒƒˆƒƒƒƒƒƒƒƒˆ
              No       ‚     39 ‚      1 ‚     40
                       ‚  81.25 ‚   2.08 ‚  83.33
                       ‚  97.50 ‚   2.50 ‚
                       ‚ 100.00 ‚  11.11 ‚
              ƒƒƒƒƒƒƒƒƒˆƒƒƒƒƒƒƒƒˆƒƒƒƒƒƒƒƒˆ
              Yes      ‚      0 ‚      8 ‚      8
                       ‚   0.00 ‚  16.67 ‚  16.67
                       ‚   0.00 ‚ 100.00 ‚
                       ‚   0.00 ‚  88.89 ‚
              ƒƒƒƒƒƒƒƒƒˆƒƒƒƒƒƒƒƒˆƒƒƒƒƒƒƒƒˆ
              Total          39        9       48
                          81.25    18.75   100.00
 
 
^S={}SSRI: Selective Serotonin reuptake inhibitor; SNRI: Selecti
^S={}Note: The Full Analysis Set includes all participants who w
^S={}Note: Cohen’s Kappa: <=0.20=Poor, 0.21-0.40=Fair, 0.41-0.60
^S={}PROGRAM NAME: C:\SASData\JZP-150\150-201\stat\csr_dryrun1\p
^S={fontstyle=ROMAN fontsize=10pt font_weight=bold}Jazz Pharmace
^S={fontstyle=ROMAN fontsize=10pt font_weight=bold}Protocol 150-
^S={fontstyle=ROMAN fontsize=10pt font_weight=bold}Table 9.1.1.3
^S={fontstyle=ROMAN fontsize=10pt font_weight=bold}Concordance A
^S={fontstyle=ROMAN fontsize=10pt font_weight=bold}(Full Analysi

                       The FREQ Procedure

          Statistics for Table of SERONORI by SERONORE

                        McNemar's Test
                    ƒƒƒƒƒƒƒƒƒƒƒƒƒƒƒƒƒƒƒƒƒƒƒ
                    Statistic (S)    1.0000
                    DF                    1
                    Pr > S           0.3173


                    Simple Kappa Coefficient
                ƒƒƒƒƒƒƒƒƒƒƒƒƒƒƒƒƒƒƒƒƒƒƒƒƒƒƒƒƒƒƒƒ
                Kappa                     0.9286
                ASE                       0.0705
                95% Lower Conf Limit      0.7904
                95% Upper Conf Limit      1.0000

                        Sample Size = 48
 
 
 
 
 
 
 
 
^S={}SSRI: Selective Serotonin reuptake inhibitor; SNRI: Selecti
^S={}Note: The Full Analysis Set includes all participants who w
^S={}Note: Cohen’s Kappa: <=0.20=Poor, 0.21-0.40=Fair, 0.41-0.60
^S={}PROGRAM NAME: C:\SASData\JZP-150\150-201\stat\csr_dryrun1\p
