^S={fontstyle=ROMAN fontsize=10pt font_weight=bold}Jazz Pharmace
^S={fontstyle=ROMAN fontsize=10pt font_weight=bold}Protocol 150-
^S={fontstyle=ROMAN fontsize=10pt font_weight=bold}Table 9.2.9.1
^S={fontstyle=ROMAN fontsize=10pt font_weight=bold}ISI Score by 
^S={fontstyle=ROMAN fontsize=10pt font_weight=bold}(Modified Ful

                       The GLM Procedure

                    Class Level Information
 
                 Class         Levels    Values

                 trtn               3    1 2 3 

                 SSNRISN            2    1 2   


            Number of Observations Read         143
            Number of Observations Used         143
 
 
 
 
 
 
 
 
 
 
 
 
 
^S={}ISI: Insomnia Severity Index; SD: Standard deviation; Min.:
^S={}Note: The Modified Full Analysis Set includes all participa
^S={}Note: The baseline (Day -1) value is generally defined as t
^S={}Note: The ISI is a participant-reported questionnaire asses
^S={}PROGRAM NAME: C:\SASData\JZP-150\150-201\stat\csr_dryrun1\p
^S={fontstyle=ROMAN fontsize=10pt font_weight=bold}Jazz Pharmace
^S={fontstyle=ROMAN fontsize=10pt font_weight=bold}Protocol 150-
^S={fontstyle=ROMAN fontsize=10pt font_weight=bold}Table 9.2.9.1
^S={fontstyle=ROMAN fontsize=10pt font_weight=bold}ISI Score by 
^S={fontstyle=ROMAN fontsize=10pt font_weight=bold}(Modified Ful

                       The GLM Procedure
 
         Dependent Variable: chg   Change from Baseline

                                         Sum of
 Source                      DF         Squares     Mean Square

 Model                        4     2279.201049      569.800262

 Error                      138     4749.736014       34.418377

 Corrected Total            142     7028.937063                

           Source                  F Value    Pr > F

           Model                     16.56    <.0001

           Error                                    

           Corrected Total                          


 
 
 
 
^S={}ISI: Insomnia Severity Index; SD: Standard deviation; Min.:
^S={}Note: The Modified Full Analysis Set includes all participa
^S={}Note: The baseline (Day -1) value is generally defined as t
^S={}Note: The ISI is a participant-reported questionnaire asses
^S={}PROGRAM NAME: C:\SASData\JZP-150\150-201\stat\csr_dryrun1\p
^S={fontstyle=ROMAN fontsize=10pt font_weight=bold}Jazz Pharmace
^S={fontstyle=ROMAN fontsize=10pt font_weight=bold}Protocol 150-
^S={fontstyle=ROMAN fontsize=10pt font_weight=bold}Table 9.2.9.1
^S={fontstyle=ROMAN fontsize=10pt font_weight=bold}ISI Score by 
^S={fontstyle=ROMAN fontsize=10pt font_weight=bold}(Modified Ful

                       The GLM Procedure
 
         Dependent Variable: chg   Change from Baseline

       R-Square     Coeff Var      Root MSE      chg Mean

       0.324260     -117.8287      5.866718     -4.979021


 Source                      DF     Type III SS     Mean Square

 trtn                         2       20.588928       10.294464
 SSNRISN                      1       14.416986       14.416986
 base                         1     1943.939019     1943.939019

           Source                  F Value    Pr > F

           trtn                       0.30    0.7420
           SSNRISN                    0.42    0.5186
           base                      56.48    <.0001
 
 
 
 
 
 
^S={}ISI: Insomnia Severity Index; SD: Standard deviation; Min.:
^S={}Note: The Modified Full Analysis Set includes all participa
^S={}Note: The baseline (Day -1) value is generally defined as t
^S={}Note: The ISI is a participant-reported questionnaire asses
^S={}PROGRAM NAME: C:\SASData\JZP-150\150-201\stat\csr_dryrun1\p
^S={fontstyle=ROMAN fontsize=10pt font_weight=bold}Jazz Pharmace
^S={fontstyle=ROMAN fontsize=10pt font_weight=bold}Protocol 150-
^S={fontstyle=ROMAN fontsize=10pt font_weight=bold}Table 9.2.9.1
^S={fontstyle=ROMAN fontsize=10pt font_weight=bold}ISI Score by 
^S={fontstyle=ROMAN fontsize=10pt font_weight=bold}(Modified Ful

                       The GLM Procedure
                      Least Squares Means

                              Standard                  LSMEAN
  trtn      chg LSMEAN           Error    Pr > |t|      Number

  1        -5.69422203      1.11716634      <.0001           1
  2        -4.81124064      0.91277549      <.0001           2
  3        -5.53683687      0.94310781      <.0001           3


              Least Squares Means for effect trtn
              Pr > |t| for H0: LSMean(i)=LSMean(j)
                                
                    Dependent Variable: chg
 
         i/j              1             2             3

            1                      0.5062        0.9056
            2        0.5062                      0.5233
            3        0.9056        0.5233              
 
 
 
 
 
^S={}ISI: Insomnia Severity Index; SD: Standard deviation; Min.:
^S={}Note: The Modified Full Analysis Set includes all participa
^S={}Note: The baseline (Day -1) value is generally defined as t
^S={}Note: The ISI is a participant-reported questionnaire asses
^S={}PROGRAM NAME: C:\SASData\JZP-150\150-201\stat\csr_dryrun1\p
^S={fontstyle=ROMAN fontsize=10pt font_weight=bold}Jazz Pharmace
^S={fontstyle=ROMAN fontsize=10pt font_weight=bold}Protocol 150-
^S={fontstyle=ROMAN fontsize=10pt font_weight=bold}Table 9.2.9.1
^S={fontstyle=ROMAN fontsize=10pt font_weight=bold}ISI Score by 
^S={fontstyle=ROMAN fontsize=10pt font_weight=bold}(Modified Ful

                       The GLM Procedure
                      Least Squares Means

       trtn      chg LSMEAN      95% Confidence Limits

       1          -5.694222       -7.903199    -3.485245
       2          -4.811241       -6.616075    -3.006406
       3          -5.536837       -7.401647    -3.672026


              Least Squares Means for Effect trtn
 
                  Difference
                     Between    95% Confidence Limits for
      i    j           Means       LSMean(i)-LSMean(j)

      1    2       -0.882981       -3.502749     1.736787
      1    3       -0.157385       -2.777495     2.462725
      2    3        0.725596       -1.516634     2.967827


NOTE: To ensure overall protection level, only probabilities 
      associated with pre-planned comparisons should be used.
 
 
 
^S={}ISI: Insomnia Severity Index; SD: Standard deviation; Min.:
^S={}Note: The Modified Full Analysis Set includes all participa
^S={}Note: The baseline (Day -1) value is generally defined as t
^S={}Note: The ISI is a participant-reported questionnaire asses
^S={}PROGRAM NAME: C:\SASData\JZP-150\150-201\stat\csr_dryrun1\p
